B023 Function definition does not bind loop variable `request`
   --> recipe/cua_s1/benchmark_graph_runtime.py:160:74
    |
158 |                     for name in order:
159 |                         engine.graph_runtime = None if name == "eager" else runtime
160 |                         result, elapsed = measure(lambda: engine.predict(request))
    |                                                                          ^^^^^^^
161 |                         if response_difference(eager_response, result) != 0:
162 |                             raise ValueError(
    |

B023 Function definition does not bind loop variable `options`
   --> recipe/cua_s1/evaluate_multimodal.py:208:25
    |
206 |                 def call():
207 |                     return model.forward(
208 |                         options,
    |                         ^^^^^^^
209 |                         app="Cua Driver",
210 |                         task_family="closed-candidate decision",
    |

B023 Function definition does not bind loop variable `path`
   --> recipe/cua_s1/evaluate_multimodal.py:211:36
    |
209 |                         app="Cua Driver",
210 |                         task_family="closed-candidate decision",
211 |                         screenshot=path,
    |                                    ^^^^
212 |                         goal=q.goal,
213 |                     )
    |

B023 Function definition does not bind loop variable `q`
   --> recipe/cua_s1/evaluate_multimodal.py:212:30
    |
210 |                         task_family="closed-candidate decision",
211 |                         screenshot=path,
212 |                         goal=q.goal,
    |                              ^
213 |                     )
    |

B023 Function definition does not bind loop variable `inputs`
   --> recipe/cua_s1/evaluate_multimodal.py:245:75
    |
243 |                 for q in request.questions:
244 |                     inputs = engine.prepare(request.image, q)
245 |                     probabilities, elapsed = measure(lambda: engine.score(inputs, q))
    |                                                                           ^^^^^^
246 |                     ref = expected[name, q.name]
247 |                     difference = max(
    |

B023 Function definition does not bind loop variable `q`
   --> recipe/cua_s1/evaluate_multimodal.py:245:83
    |
243 |                 for q in request.questions:
244 |                     inputs = engine.prepare(request.image, q)
245 |                     probabilities, elapsed = measure(lambda: engine.score(inputs, q))
    |                                                                                   ^
246 |                     ref = expected[name, q.name]
247 |                     difference = max(
    |

B023 Function definition does not bind loop variable `case`
  --> recipe/cua_s1/experiments/rtx4090-reuse/verify_results.py:87:69
   |
86 |         def times(name, percentile):
87 |             return " / ".join(f"{r[name][percentile]:.2f}" for r in case["runs"])
   |                                                                     ^^^^
88 |
89 |         reduction = " / ".join(
   |

UP041 [*] Replace aliased errors with `TimeoutError`
   --> src/models/cua_s1/multimodal/server.py:100:16
    |
 98 |         except InvalidRequest as exc:
 99 |             self.send_json(422, {"detail": str(exc)})
100 |         except (TimeoutError, socket.timeout):
    |                ^^^^^^^^^^^^^^^^^^^^^^^^^^^^^^
101 |             self.send_json(408, {"detail": "request body timed out"})
102 |         except Exception as exc:
    |
help: Replace with builtin `TimeoutError`
    |
99  |             self.send_json(422, {"detail": str(exc)})
    -         except (TimeoutError, socket.timeout):
100 +         except TimeoutError:
101 |             self.send_json(408, {"detail": "request body timed out"})
    |

BLE001 Do not catch blind exception: `Exception`
   --> src/models/cua_s1/multimodal/server.py:102:16
    |
100 |         except (TimeoutError, socket.timeout):
101 |             self.send_json(408, {"detail": "request body timed out"})
102 |         except Exception as exc:
    |                ^^^^^^^^^
103 |             LOG.error("inference failed: %s", type(exc).__name__)
104 |             self.send_json(500, {"detail": "inference failed"})
    |

Found 9 errors.
[*] 1 fixable with the `--fix` option.
