[transformers] `torch_dtype` is deprecated! Use `dtype` instead!
Loading weights:   0%|          | 0/723 [00:00<?, ?it/s]Loading weights:   0%|          | 1/723 [00:00<01:55,  6.28it/s]Loading weights:   4%|▍         | 28/723 [00:00<00:05, 126.30it/s]Loading weights:   7%|▋         | 53/723 [00:00<00:03, 169.47it/s]Loading weights:  11%|█         | 77/723 [00:00<00:03, 192.69it/s]Loading weights:  14%|█▍        | 104/723 [00:00<00:02, 217.49it/s]Loading weights:  18%|█▊        | 133/723 [00:00<00:02, 229.20it/s]Loading weights:  22%|██▏       | 159/723 [00:00<00:02, 238.21it/s]Loading weights:  26%|██▌       | 187/723 [00:00<00:02, 249.79it/s]Loading weights:  30%|███       | 220/723 [00:01<00:01, 268.36it/s]Loading weights:  35%|███▍      | 251/723 [00:01<00:01, 280.13it/s]Loading weights:  39%|███▊      | 280/723 [00:01<00:01, 259.86it/s]Loading weights:  42%|████▏     | 307/723 [00:01<00:01, 261.45it/s]Loading weights:  47%|████▋     | 340/723 [00:01<00:01, 269.82it/s]Loading weights:  51%|█████     | 368/723 [00:01<00:01, 261.05it/s]Loading weights:  55%|█████▍    | 397/723 [00:01<00:01, 263.85it/s]Loading weights:  59%|█████▊    | 424/723 [00:01<00:01, 250.57it/s]Loading weights:  86%|████████▋ | 624/723 [00:01<00:00, 729.87it/s]Loading weights: 100%|██████████| 723/723 [00:01<00:00, 370.90it/s]
[transformers] `causal_conv1d_fn` is falling back to its reference PyTorch implementation because `causal_conv1d` is not installed. This is correct but much slower; install `causal_conv1d` for the optimized kernel.
[transformers] `chunk_gated_delta_rule` is falling back to its reference PyTorch implementation because `flash-linear-attention` is not installed. This is correct but much slower; install `flash-linear-attention` for the optimized kernel.
hot_four 1 {'legacy': {'eager_total_ms': 9776.995468884706, 'graph_total_ms': 7081.092205829918, 'total_reduction_percent': 27.573944077549196, 'eager_p50_ms': 202.31390139088035, 'graph_p50_ms': 107.5521488673985, 'first_cumulative_crossing_request': 19, 'post_capture_sustained_break_even_request': 19, 'eager_p95_ms': 213.9976555481553, 'graph_p95_ms': 549.4330246001482}, 'admission': {'eager_total_ms': 9776.995468884706, 'graph_total_ms': 7278.132393024862, 'total_reduction_percent': 25.55859909941124, 'eager_p50_ms': 202.31390139088035, 'graph_p50_ms': 109.54373935237527, 'first_cumulative_crossing_request': 1, 'post_capture_sustained_break_even_request': 21, 'eager_p95_ms': 213.9976555481553, 'graph_p95_ms': 514.5647805184126}}
hot_four 2 {'legacy': {'eager_total_ms': 9537.588628940284, 'graph_total_ms': 7040.824396535754, 'total_reduction_percent': 26.17814973512801, 'eager_p50_ms': 198.70231859385967, 'graph_p50_ms': 106.37658089399338, 'first_cumulative_crossing_request': 20, 'post_capture_sustained_break_even_request': 20, 'eager_p95_ms': 212.52981387078762, 'graph_p95_ms': 543.2713180780411}, 'admission': {'eager_total_ms': 9537.588628940284, 'graph_total_ms': 7316.177397035062, 'total_reduction_percent': 23.291120201648308, 'eager_p50_ms': 198.70231859385967, 'graph_p50_ms': 105.98190408200026, 'first_cumulative_crossing_request': 1, 'post_capture_sustained_break_even_request': 23, 'eager_p95_ms': 212.52981387078762, 'graph_p95_ms': 538.6109566316009}}
churn_twelve 1 {'legacy': {'eager_total_ms': 14762.271131388843, 'graph_total_ms': 55889.97092284262, 'total_reduction_percent': -278.6000841293616, 'eager_p50_ms': 204.26412392407656, 'graph_p50_ms': 784.3369734473526, 'first_cumulative_crossing_request': None, 'post_capture_sustained_break_even_request': None, 'eager_p95_ms': 216.79646242409945, 'graph_p95_ms': 890.8651852980256}, 'admission': {'eager_total_ms': 14762.271131388843, 'graph_total_ms': 14213.833692483604, 'total_reduction_percent': 3.7151291561032473, 'eager_p50_ms': 204.26412392407656, 'graph_p50_ms': 196.33519742637873, 'first_cumulative_crossing_request': 1, 'post_capture_sustained_break_even_request': None, 'eager_p95_ms': 216.79646242409945, 'graph_p95_ms': 211.04732993990183}}
churn_twelve 2 {'legacy': {'eager_total_ms': 15007.752274163067, 'graph_total_ms': 67893.75105965883, 'total_reduction_percent': -352.391203022073, 'eager_p50_ms': 206.33223839104176, 'graph_p50_ms': 952.5224720127881, 'first_cumulative_crossing_request': None, 'post_capture_sustained_break_even_request': None, 'eager_p95_ms': 224.63249135762453, 'graph_p95_ms': 1070.4795606434345}, 'admission': {'eager_total_ms': 15007.752274163067, 'graph_total_ms': 14288.466521538794, 'total_reduction_percent': 4.792761364155618, 'eager_p50_ms': 206.33223839104176, 'graph_p50_ms': 196.74776447936893, 'first_cumulative_crossing_request': 1, 'post_capture_sustained_break_even_request': None, 'eager_p95_ms': 224.63249135762453, 'graph_p95_ms': 213.51050026714802}}
hot_cold 1 {'legacy': {'eager_total_ms': 8330.339627340436, 'graph_total_ms': 15536.089165136218, 'total_reduction_percent': -86.5000691465962, 'eager_p50_ms': 205.37198893725872, 'graph_p50_ms': 115.16719963401556, 'first_cumulative_crossing_request': None, 'post_capture_sustained_break_even_request': None, 'eager_p95_ms': 228.69795747101307, 'graph_p95_ms': 1172.3082717508078}, 'admission': {'eager_total_ms': 8330.339627340436, 'graph_total_ms': 9256.646099500358, 'total_reduction_percent': -11.119672349489274, 'eager_p50_ms': 205.37198893725872, 'graph_p50_ms': 193.89334740117192, 'first_cumulative_crossing_request': 1, 'post_capture_sustained_break_even_request': None, 'eager_p95_ms': 228.69795747101307, 'graph_p95_ms': 877.9668305069208}}
hot_cold 2 {'legacy': {'eager_total_ms': 8040.000483393669, 'graph_total_ms': 15561.68673466891, 'total_reduction_percent': -93.55330595826472, 'eager_p50_ms': 200.52261324599385, 'graph_p50_ms': 107.55615122616291, 'first_cumulative_crossing_request': None, 'post_capture_sustained_break_even_request': None, 'eager_p95_ms': 214.45331163704395, 'graph_p95_ms': 1154.8332637175918}, 'admission': {'eager_total_ms': 8040.000483393669, 'graph_total_ms': 8994.166973046958, 'total_reduction_percent': -11.867741695091748, 'eager_p50_ms': 200.52261324599385, 'graph_p50_ms': 192.9727690294385, 'first_cumulative_crossing_request': 1, 'post_capture_sustained_break_even_request': None, 'eager_p95_ms': 214.45331163704395, 'graph_p95_ms': 859.7432551905513}}
Traceback (most recent call last):
  File "/root/autodl-tmp/system1-omni-work/graph-admission-repo/recipe/cua_s1/benchmark_graph_admission.py", line 256, in <module>
    main()
  File "/root/autodl-tmp/system1-omni-work/graph-admission-repo/recipe/cua_s1/benchmark_graph_admission.py", line 195, in main
    response, elapsed = measure(
                        ^^^^^^^^
  File "/root/autodl-tmp/system1-omni-work/graph-admission-repo/recipe/cua_s1/benchmark_multimodal_graph.py", line 149, in measure
    value = call()
            ^^^^^^
  File "/root/autodl-tmp/system1-omni-work/graph-admission-repo/recipe/cua_s1/benchmark_graph_admission.py", line 196, in <lambda>
    lambda request=requests[count]: engine.predict(request)
                                    ^^^^^^^^^^^^^^^^^^^^^^^
  File "/root/autodl-tmp/system1-omni-work/graph-admission-repo/src/models/cua_s1/multimodal/model.py", line 268, in predict
    return self._predict(request)
           ^^^^^^^^^^^^^^^^^^^^^^
  File "/root/autodl-tmp/system1-omni-work/graph-admission-repo/src/models/cua_s1/multimodal/model.py", line 277, in _predict
    q.name: answer(q, self.score_reused(inputs, q, features))
                      ^^^^^^^^^^^^^^^^^^^^^^^^^^^^^^^^^^^^^^
  File "/root/autodl-tmp/system1-omni-work/graph-admission-repo/src/models/cua_s1/multimodal/model.py", line 225, in score_reused
    logits = graph_runtime.forward(
             ^^^^^^^^^^^^^^^^^^^^^^
  File "/root/autodl-tmp/system1-omni-work/legacy-graph-runtime-2336.py", line 271, in forward
    output = self._run_segments(values, entry)
             ^^^^^^^^^^^^^^^^^^^^^^^^^^^^^^^^^
  File "/root/autodl-tmp/system1-omni-work/legacy-graph-runtime-2336.py", line 222, in _run_segments
    hidden = text.layers[index](
             ^^^^^^^^^^^^^^^^^^^
  File "/root/autodl-tmp/system1-omni-work/venv/lib/python3.12/site-packages/transformers/modeling_layers.py", line 109, in __call__
    return super().__call__(*args, **kwargs)
           ^^^^^^^^^^^^^^^^^^^^^^^^^^^^^^^^^
  File "/root/autodl-tmp/system1-omni-work/venv/lib/python3.12/site-packages/torch/nn/modules/module.py", line 1783, in _wrapped_call_impl
    return self._call_impl(*args, **kwargs)
           ^^^^^^^^^^^^^^^^^^^^^^^^^^^^^^^^
  File "/root/autodl-tmp/system1-omni-work/venv/lib/python3.12/site-packages/torch/nn/modules/module.py", line 1794, in _call_impl
    return forward_call(*args, **kwargs)
           ^^^^^^^^^^^^^^^^^^^^^^^^^^^^^
  File "/root/autodl-tmp/system1-omni-work/venv/lib/python3.12/site-packages/transformers/models/qwen3_5/modeling_qwen3_5.py", line 897, in forward
    hidden_states, _ = self.self_attn(
                       ^^^^^^^^^^^^^^^
  File "/root/autodl-tmp/system1-omni-work/venv/lib/python3.12/site-packages/torch/nn/modules/module.py", line 1783, in _wrapped_call_impl
    return self._call_impl(*args, **kwargs)
           ^^^^^^^^^^^^^^^^^^^^^^^^^^^^^^^^
  File "/root/autodl-tmp/system1-omni-work/venv/lib/python3.12/site-packages/torch/nn/modules/module.py", line 1794, in _call_impl
    return forward_call(*args, **kwargs)
           ^^^^^^^^^^^^^^^^^^^^^^^^^^^^^
  File "/root/autodl-tmp/system1-omni-work/venv/lib/python3.12/site-packages/transformers/models/qwen3_5/modeling_qwen3_5.py", line 820, in forward
    attn_output = self.o_proj(attn_output)
                  ^^^^^^^^^^^^^^^^^^^^^^^^
  File "/root/autodl-tmp/system1-omni-work/venv/lib/python3.12/site-packages/torch/nn/modules/module.py", line 1783, in _wrapped_call_impl
    return self._call_impl(*args, **kwargs)
           ^^^^^^^^^^^^^^^^^^^^^^^^^^^^^^^^
  File "/root/autodl-tmp/system1-omni-work/venv/lib/python3.12/site-packages/torch/nn/modules/module.py", line 1794, in _call_impl
    return forward_call(*args, **kwargs)
           ^^^^^^^^^^^^^^^^^^^^^^^^^^^^^
  File "/root/autodl-tmp/system1-omni-work/venv/lib/python3.12/site-packages/peft/tuners/lora/layer.py", line 1102, in forward
    result = result + lora_B(lora_A(dropout(x))) * scaling
                             ^^^^^^^^^^^^^^^^^^
  File "/root/autodl-tmp/system1-omni-work/venv/lib/python3.12/site-packages/torch/nn/modules/module.py", line 1783, in _wrapped_call_impl
    return self._call_impl(*args, **kwargs)
           ^^^^^^^^^^^^^^^^^^^^^^^^^^^^^^^^
  File "/root/autodl-tmp/system1-omni-work/venv/lib/python3.12/site-packages/torch/nn/modules/module.py", line 1794, in _call_impl
    return forward_call(*args, **kwargs)
           ^^^^^^^^^^^^^^^^^^^^^^^^^^^^^
  File "/root/autodl-tmp/system1-omni-work/venv/lib/python3.12/site-packages/torch/nn/modules/linear.py", line 134, in forward
    return F.linear(input, self.weight, self.bias)
           ^^^^^^^^^^^^^^^^^^^^^^^^^^^^^^^^^^^^^^^
RuntimeError: CUDA error: CUBLAS_STATUS_EXECUTION_FAILED when calling `cublasSgemm( handle, opa, opb, m, n, k, &alpha, a, lda, b, ldb, &beta, c, ldc)`
