[transformers] `torch_dtype` is deprecated! Use `dtype` instead!
Loading weights:   0%|          | 0/723 [00:00<?, ?it/s]Loading weights:   0%|          | 1/723 [00:00<01:49,  6.61it/s]Loading weights:   4%|▎         | 27/723 [00:00<00:05, 127.79it/s]Loading weights:   7%|▋         | 53/723 [00:00<00:03, 180.82it/s]Loading weights:  11%|█         | 81/723 [00:00<00:02, 215.15it/s]Loading weights:  16%|█▌        | 114/723 [00:00<00:02, 246.98it/s]Loading weights:  20%|█▉        | 141/723 [00:00<00:02, 254.16it/s]Loading weights:  23%|██▎       | 168/723 [00:00<00:02, 256.19it/s]Loading weights:  28%|██▊       | 199/723 [00:00<00:01, 268.66it/s]Loading weights:  31%|███▏      | 227/723 [00:00<00:01, 259.97it/s]Loading weights:  36%|███▌      | 257/723 [00:01<00:01, 267.41it/s]Loading weights:  40%|███▉      | 288/723 [00:01<00:01, 277.63it/s]Loading weights:  44%|████▎     | 316/723 [00:01<00:01, 266.35it/s]Loading weights:  48%|████▊     | 345/723 [00:01<00:01, 271.60it/s]Loading weights:  52%|█████▏    | 373/723 [00:01<00:01, 265.50it/s]Loading weights:  55%|█████▌    | 400/723 [00:01<00:01, 259.40it/s]Loading weights:  61%|██████    | 438/723 [00:01<00:00, 293.51it/s]Loading weights:  91%|█████████ | 655/723 [00:01<00:00, 831.60it/s]Loading weights: 100%|██████████| 723/723 [00:01<00:00, 385.29it/s]
[transformers] `causal_conv1d_fn` is falling back to its reference PyTorch implementation because `causal_conv1d` is not installed. This is correct but much slower; install `causal_conv1d` for the optimized kernel.
[transformers] `chunk_gated_delta_rule` is falling back to its reference PyTorch implementation because `flash-linear-attention` is not installed. This is correct but much slower; install `flash-linear-attention` for the optimized kernel.
320x240-short-q1: [[107.78, 107.88], [107.98, 107.72]]
320x240-short-q2: [[195.13, 193.04], [194.53, 193.54]]
320x240-short-q4: [[368.44, 364.1], [389.29, 379.0]]
320x240-short-q8: [[716.83, 711.5], [715.95, 705.99]]
320x240-long-q1: [[135.21, 135.27], [141.77, 142.36]]
320x240-long-q2: [[258.98, 249.77], [260.73, 248.77]]
320x240-long-q4: [[473.7, 454.48], [474.08, 454.88]]
320x240-long-q8: [[957.85, 924.68], [929.54, 892.63]]
640x480-short-q1: [[126.08, 125.95], [125.59, 125.65]]
640x480-short-q2: [[229.31, 223.35], [229.03, 221.67]]
640x480-short-q4: [[458.59, 443.57], [463.38, 451.21]]
640x480-short-q8: [[857.32, 830.27], [901.78, 875.32]]
640x480-long-q1: [[154.74, 154.56], [164.09, 164.04]]
640x480-long-q2: [[288.6, 274.58], [287.68, 273.77]]
640x480-long-q4: [[578.39, 548.15], [581.69, 553.82]]
640x480-long-q8: [[1086.47, 1029.76], [1126.04, 1066.46]]
640x480-distinct-q8: [[852.4, 822.68], [881.26, 851.65]]
